SQL> create table employee2 (emp_id number(2), f_name varchar (10), l_name varchar(10), job_type varchar(10), salary number(6), commision number(10), dept varchar(15), manager_id number(2), doj date);

Table created.

SQL> desc employee2;
 Name                                      Null?    Type
 ----------------------------------------- -------- ----------------------------
 EMP_ID                                             NUMBER(2)
 F_NAME                                             VARCHAR2(10)
 L_NAME                                             VARCHAR2(10)
 JOB_TYPE                                           VARCHAR2(10)
 SALARY                                             NUMBER(6)
 COMMISION                                          NUMBER(10)
 DEPT                                               VARCHAR2(15)
 MANAGER_ID                                         NUMBER(2)
 DOJ                                                DATE


SQL> DESC EMPLOYEE2;
 Name                                      Null?    Type
 ----------------------------------------- -------- ----------------------------
 EMP_ID                                             NUMBER(2)
 F_NAME                                             VARCHAR2(10)
 L_NAME                                             VARCHAR2(10)
 JOB_TYPE                                           VARCHAR2(10)
 SALARY                                             NUMBER(6)
 COMMISION                                          NUMBER(10)
 DEPT                                               VARCHAR2(15)
 MANAGER_ID                                         NUMBER(2)
 DOJ                                                DATE

SQL> insert into employee2 values(1,'arun','khan','manager',90000,NULL, production,NULL,'04-JAN-1998');
insert into employee2 values(1,'arun','khan','manager',90000,NULL, production,NULL,'04-JAN-1998')
                                                                   *
ERROR at line 1:
ORA-00984: column not allowed here 


SQL> insert into employee2 values(1,'arun','khan','manager',90000,NULL, 'production',NULL,'04-JAN-1998');

1 row created.

SQL> insert into employee2 values(2,'barun','kumar','manager',80000,NULL, 'marketing',NULL,'09-FEB-1998');

1 row created.

SQL> insert into employee2 values(3,'chitra','kapoor','engineer',60000,NULL, 'production',1,'08-JAN-1998');

1 row created.

SQL> insert into employee2 values(4,'dheeraj','mishra','manager',75000,NULL, 'sales',2,'27-DEC-2001');

1 row created.

SQL> insert into employee2 values(5,'emma','dutt','engineer',55000,NULL, 'production',1,'20-MAR-2002');

1 row created.

SQL> insert into employee2 values(6,'folki','dutt','accountant',70000,NULL, 'accounts',NULL,'16-JUL-2016');

1 row created.

SQL> SELECT * FROM EMPLOYEE2;

    EMP_ID F_NAME     L_NAME     JOB_TYPE       SALARY  COMMISION               
---------- ---------- ---------- ---------- ---------- ----------               
DEPT            MANAGER_ID DOJ                                                  
--------------- ---------- ---------                                            
         1 arun       khan       manager         90000                          
production                 04-JAN-98                                            
                                                                                
         2 barun      kumar      manager         80000                          
marketing                  09-FEB-98                                            
                                                                                
         3 chitra     kapoor     engineer        60000                          
production               1 08-JAN-98                                            
                                                                                

    EMP_ID F_NAME     L_NAME     JOB_TYPE       SALARY  COMMISION               
---------- ---------- ---------- ---------- ---------- ----------               
DEPT            MANAGER_ID DOJ                                                  
--------------- ---------- ---------                                            
         4 dheeraj    mishra     manager         75000                          
sales                    2 27-DEC-01                                            
                                                                                
         5 emma       dutt       engineer        55000                          
production               1 20-MAR-02                                            
                                                                                
         6 folki      dutt       accountant      70000                          
accounts                   16-JUL-16                                            
                                                                                

6 rows selected.

SQL> SET LINESIZE 2000;
SQL> SELECT * FROM EMPLOYEE2;

    EMP_ID F_NAME     L_NAME     JOB_TYPE       SALARY  COMMISION DEPT            MANAGER_ID DOJ                                                                                                                                                                                                                                                                                                                                                                                                                                                                                                                                                                                                                                                                                                                                                                                                                                                                                                                                                                                                                                                                                                                                                                                                                                                                                                                                                                                                                                                                                                                                                                                                                                                                                                                                                                                                                                                                                                                                                                                
---------- ---------- ---------- ---------- ---------- ---------- --------------- ---------- ---------                                                                                                                                                                                                                                                                                                                                                                                                                                                                                                                                                                                                                                                                                                                                                                                                                                                                                                                                                                                                                                                                                                                                                                                                                                                                                                                                                                                                                                                                                                                                                                                                                                                                                                                                                                                                                                                                                                                                                                          
         1 arun       khan       manager         90000            production                 04-JAN-98                                                                                                                                                                                                                                                                                                                                                                                                                                                                                                                                                                                                                                                                                                                                                                                                                                                                                                                                                                                                                                                                                                                                                                                                                                                                                                                                                                                                                                                                                                                                                                                                                                                                                                                                                                                                                                                                                                                                                                          
         2 barun      kumar      manager         80000            marketing                  09-FEB-98                                                                                                                                                                                                                                                                                                                                                                                                                                                                                                                                                                                                                                                                                                                                                                                                                                                                                                                                                                                                                                                                                                                                                                                                                                                                                                                                                                                                                                                                                                                                                                                                                                                                                                                                                                                                                                                                                                                                                                          
         3 chitra     kapoor     engineer        60000            production               1 08-JAN-98                                                                                                                                                                                                                                                                                                                                                                                                                                                                                                                                                                                                                                                                                                                                                                                                                                                                                                                                                                                                                                                                                                                                                                                                                                                                                                                                                                                                                                                                                                                                                                                                                                                                                                                                                                                                                                                                                                                                                                          
         4 dheeraj    mishra     manager         75000            sales                    2 27-DEC-01                                                                                                                                                                                                                                                                                                                                                                                                                                                                                                                                                                                                                                                                                                                                                                                                                                                                                                                                                                                                                                                                                                                                                                                                                                                                                                                                                                                                                                                                                                                                                                                                                                                                                                                                                                                                                                                                                                                                                                          
         5 emma       dutt       engineer        55000            production               1 20-MAR-02                                                                                                                                                                                                                                                                                                                                                                                                                                                                                                                                                                                                                                                                                                                                                                                                                                                                                                                                                                                                                                                                                                                                                                                                                                                                                                                                                                                                                                                                                                                                                                                                                                                                                                                                                                                                                                                                                                                                                                          
         6 folki      dutt       accountant      70000            accounts                   16-JUL-16                                                                                                                                                                                                                                                                                                                                                                                                                                                                                                                                                                                                                                                                                                                                                                                                                                                                                                                                                                                                                                                                                                                                                                                                                                                                                                                                                                                                                                                                                                                                                                                                                                                                                                                                                                                                                                                                                                                                                                          

6 rows selected.


SQL> CREATE TABLE JOB_HISTORY(EMP_ID NUMBER(2), START_DATE DATE, END_DATE DATE, JOB_TYPE VARCHAR(20), D_NAME VARCHAR(15));

Table created.

SQL> INSERT INTO JOB_HISTORY VALUES(1,'4-JAN-1998','30-JUN-2001','Engineer','Production');

1 row created.

SQL> INSERT INTO JOB_HISTORY VALUES(2,'9-FEB-1998','28-FEB-2002','Salesman','Sales');

1 row created.

SQL> INSERT INTO JOB_HISTORY VALUES(1,'1-JUL-2001','31-DEC-2010','Manager','R&D');
Enter value for d: 2
old   1: INSERT INTO JOB_HISTORY VALUES(1,'1-JUL-2001','31-DEC-2010','Manager','R&D')
new   1: INSERT INTO JOB_HISTORY VALUES(1,'1-JUL-2001','31-DEC-2010','Manager','R2')

1 row created.

SQL> INSERT INTO JOB_HISTORY VALUES(1,'1-JUL-2001','31-DEC-2010','Manager','R&D');
Enter value for d: 2
old   1: INSERT INTO JOB_HISTORY VALUES(1,'1-JUL-2001','31-DEC-2010','Manager','R&D')
new   1: INSERT INTO JOB_HISTORY VALUES(1,'1-JUL-2001','31-DEC-2010','Manager','R2')

1 row created.

SQL> select * from Job_history
  2  ;

    EMP_ID START_DAT END_DATE  JOB_TYPE             D_NAME                                                                                                                                                                                                                                                                                                                                                                                                                                                                                                                                                                                                                                                                                                                                                                                                                                                                                                                                                                                                                                                                                                                                                                                                                                                                                                                                                                                                                                                                                                                                                                                                                                                                                                                                                                                                                                                                                                                                                                                                                      
---------- --------- --------- -------------------- ---------------                                                                                                                                                                                                                                                                                                                                                                                                                                                                                                                                                                                                                                                                                                                                                                                                                                                                                                                                                                                                                                                                                                                                                                                                                                                                                                                                                                                                                                                                                                                                                                                                                                                                                                                                                                                                                                                                                                                                                                                                             
         1 04-JAN-98 30-JUN-01 Engineer             Production                                                                                                                                                                                                                                                                                                                                                                                                                                                                                                                                                                                                                                                                                                                                                                                                                                                                                                                                                                                                                                                                                                                                                                                                                                                                                                                                                                                                                                                                                                                                                                                                                                                                                                                                                                                                                                                                                                                                                                                                                  
         2 09-FEB-98 28-FEB-02 Salesman             Sales                                                                                                                                                                                                                                                                                                                                                                                                                                                                                                                                                                                                                                                                                                                                                                                                                                                                                                                                                                                                                                                                                                                                                                                                                                                                                                                                                                                                                                                                                                                                                                                                                                                                                                                                                                                                                                                                                                                                                                                                                       
         1 01-JUL-01 31-DEC-10 Manager              R2                                                                                                                                                                                                                                                                                                                                                                                                                                                                                                                                                                                                                                                                                                                                                                                                                                                                                                                                                                                                                                                                                                                                                                                                                                                                                                                                                                                                                                                                                                                                                                                                                                                                                                                                                                                                                                                                                                                                                                                                                          
         1 01-JUL-01 31-DEC-10 Manager              R2                                                                                                                                                                                                                                                                                                                                                                                                                                                                                                                                                                                                                                                                                                                                                                                                                                                                                                                                                                                                                                                                                                                                                                                                                                                                                                                                                                                                                                                                                                                                                                                                                                                                                                                                                                                                                                                                                                                                                                                                                          

SQL> INSERT INTO JOB_HISTORY VALUES(4,'27-DEC-2001','19-SEP-2016','Sales_Executive','Marketing');

1 row created.

SQL> INSERT INTO JOB_HISTORY VALUES(1,'1-JUL-2001','31-DEC-2010','Manager',"R&D");
Enter value for d: 2
old   1: INSERT INTO JOB_HISTORY VALUES(1,'1-JUL-2001','31-DEC-2010','Manager',"R&D")
new   1: INSERT INTO JOB_HISTORY VALUES(1,'1-JUL-2001','31-DEC-2010','Manager',"R2")
INSERT INTO JOB_HISTORY VALUES(1,'1-JUL-2001','31-DEC-2010','Manager',"R2")
                                                                      *
ERROR at line 1:
ORA-00984: column not allowed here 


SQL> INSERT INTO JOB_HISTORY VALUES(1,'1-JUL-2001','31-DEC-2010','Manager',"RnD");
INSERT INTO JOB_HISTORY VALUES(1,'1-JUL-2001','31-DEC-2010','Manager',"RnD")
                                                                      *
ERROR at line 1:
ORA-00984: column not allowed here 


SQL> INSERT INTO JOB_HISTORY VALUES(1,'1-JUL-2001','31-DEC-2010','Manager','RnD');

1 row created.

SQL> INSERT INTO JOB_HISTORY VALUES(2,'1-MAR-2002','30-MAR-2015','Sales_Executive','Marketing');

1 row created.

SQL> INSERT INTO JOB_HISTORY VALUES(2,'1-APR-2016','15-DEC-2017','Manager','Sales');

1 row created.

SQL> INSERT INTO JOB_HISTORY VALUES(4,'20-SEP-2016','16-DEC-2017','Asst.Manager','Sales');

1 row created.

SQL> INSERT INTO JOB_HISTORY VALUES(6,'16-JUL-2000','30-NOV-2006','Clerk','Accounts');

1 row created.

SQL> select * from job_history;

    EMP_ID START_DAT END_DATE  JOB_TYPE             D_NAME                                                                                                                                                                                                                                                                                                                                                                                                                                                                                                                                                                                                                                                                                                                                                                                                                                                                                                                                                                                                                                                                                                                                                                                                                                                                                                                                                                                                                                                                                                                                                                                                                                                                                                                                                                                                                                                                                                                                                                                                                      
---------- --------- --------- -------------------- ---------------                                                                                                                                                                                                                                                                                                                                                                                                                                                                                                                                                                                                                                                                                                                                                                                                                                                                                                                                                                                                                                                                                                                                                                                                                                                                                                                                                                                                                                                                                                                                                                                                                                                                                                                                                                                                                                                                                                                                                                                                             
         1 04-JAN-98 30-JUN-01 Engineer             Production                                                                                                                                                                                                                                                                                                                                                                                                                                                                                                                                                                                                                                                                                                                                                                                                                                                                                                                                                                                                                                                                                                                                                                                                                                                                                                                                                                                                                                                                                                                                                                                                                                                                                                                                                                                                                                                                                                                                                                                                                  
         2 09-FEB-98 28-FEB-02 Salesman             Sales                                                                                                                                                                                                                                                                                                                                                                                                                                                                                                                                                                                                                                                                                                                                                                                                                                                                                                                                                                                                                                                                                                                                                                                                                                                                                                                                                                                                                                                                                                                                                                                                                                                                                                                                                                                                                                                                                                                                                                                                                       
         1 01-JUL-01 31-DEC-10 Manager              R2                                                                                                                                                                                                                                                                                                                                                                                                                                                                                                                                                                                                                                                                                                                                                                                                                                                                                                                                                                                                                                                                                                                                                                                                                                                                                                                                                                                                                                                                                                                                                                                                                                                                                                                                                                                                                                                                                                                                                                                                                          
         1 01-JUL-01 31-DEC-10 Manager              R2                                                                                                                                                                                                                                                                                                                                                                                                                                                                                                                                                                                                                                                                                                                                                                                                                                                                                                                                                                                                                                                                                                                                                                                                                                                                                                                                                                                                                                                                                                                                                                                                                                                                                                                                                                                                                                                                                                                                                                                                                          
         4 27-DEC-01 19-SEP-16 Sales_Executive      Marketing                                                                                                                                                                                                                                                                                                                                                                                                                                                                                                                                                                                                                                                                                                                                                                                                                                                                                                                                                                                                                                                                                                                                                                                                                                                                                                                                                                                                                                                                                                                                                                                                                                                                                                                                                                                                                                                                                                                                                                                                                   
         1 01-JUL-01 31-DEC-10 Manager              RnD                                                                                                                                                                                                                                                                                                                                                                                                                                                                                                                                                                                                                                                                                                                                                                                                                                                                                                                                                                                                                                                                                                                                                                                                                                                                                                                                                                                                                                                                                                                                                                                                                                                                                                                                                                                                                                                                                                                                                                                                                         
         2 01-MAR-02 30-MAR-15 Sales_Executive      Marketing                                                                                                                                                                                                                                                                                                                                                                                                                                                                                                                                                                                                                                                                                                                                                                                                                                                                                                                                                                                                                                                                                                                                                                                                                                                                                                                                                                                                                                                                                                                                                                                                                                                                                                                                                                                                                                                                                                                                                                                                                   
         2 01-APR-16 15-DEC-17 Manager              Sales                                                                                                                                                                                                                                                                                                                                                                                                                                                                                                                                                                                                                                                                                                                                                                                                                                                                                                                                                                                                                                                                                                                                                                                                                                                                                                                                                                                                                                                                                                                                                                                                                                                                                                                                                                                                                                                                                                                                                                                                                       
         4 20-SEP-16 16-DEC-17 Asst.Manager         Sales                                                                                                                                                                                                                                                                                                                                                                                                                                                                                                                                                                                                                                                                                                                                                                                                                                                                                                                                                                                                                                                                                                                                                                                                                                                                                                                                                                                                                                                                                                                                                                                                                                                                                                                                                                                                                                                                                                                                                                                                                       
         6 16-JUL-00 30-NOV-06 Clerk                Accounts                                                                                                                                                                                                                                                                                                                                                                                                                                                                                                                                                                                                                                                                                                                                                                                                                                                                                                                                                                                                                                                                                                                                                                                                                                                                                                                                                                                                                                                                                                                                                                                                                                                                                                                                                                                                                                                                                                                                                                                                                    

10 rows selected.

SQL> select emp_id, job_type from job_history union select job_type from employee2;
select emp_id, job_type from job_history union select job_type from employee2
*
ERROR at line 1:
ORA-01789: query block has incorrect number of result columns 


SQL> select emp_id, job_type from job_history union select emp_id,job_type from employee2;

    EMP_ID JOB_TYPE                                                                                                                                                                                                                                                                                                                                                                                                                                                                                                                                                                                                                                                                                                                                                                                                                                                                                                                                                                                                                                                                                                                                                                                                                                                                                                                                                                                                                                                                                                                                                                                                                                                                                                                                                                                                                                                                                                                                                                                                                                                             
---------- --------------------                                                                                                                                                                                                                                                                                                                                                                                                                                                                                                                                                                                                                                                                                                                                                                                                                                                                                                                                                                                                                                                                                                                                                                                                                                                                                                                                                                                                                                                                                                                                                                                                                                                                                                                                                                                                                                                                                                                                                                                                                                                 
         1 Engineer                                                                                                                                                                                                                                                                                                                                                                                                                                                                                                                                                                                                                                                                                                                                                                                                                                                                                                                                                                                                                                                                                                                                                                                                                                                                                                                                                                                                                                                                                                                                                                                                                                                                                                                                                                                                                                                                                                                                                                                                                                                             
         1 Manager                                                                                                                                                                                                                                                                                                                                                                                                                                                                                                                                                                                                                                                                                                                                                                                                                                                                                                                                                                                                                                                                                                                                                                                                                                                                                                                                                                                                                                                                                                                                                                                                                                                                                                                                                                                                                                                                                                                                                                                                                                                              
         1 manager                                                                                                                                                                                                                                                                                                                                                                                                                                                                                                                                                                                                                                                                                                                                                                                                                                                                                                                                                                                                                                                                                                                                                                                                                                                                                                                                                                                                                                                                                                                                                                                                                                                                                                                                                                                                                                                                                                                                                                                                                                                              
         2 Manager                                                                                                                                                                                                                                                                                                                                                                                                                                                                                                                                                                                                                                                                                                                                                                                                                                                                                                                                                                                                                                                                                                                                                                                                                                                                                                                                                                                                                                                                                                                                                                                                                                                                                                                                                                                                                                                                                                                                                                                                                                                              
         2 Sales_Executive                                                                                                                                                                                                                                                                                                                                                                                                                                                                                                                                                                                                                                                                                                                                                                                                                                                                                                                                                                                                                                                                                                                                                                                                                                                                                                                                                                                                                                                                                                                                                                                                                                                                                                                                                                                                                                                                                                                                                                                                                                                      
         2 Salesman                                                                                                                                                                                                                                                                                                                                                                                                                                                                                                                                                                                                                                                                                                                                                                                                                                                                                                                                                                                                                                                                                                                                                                                                                                                                                                                                                                                                                                                                                                                                                                                                                                                                                                                                                                                                                                                                                                                                                                                                                                                             
         2 manager                                                                                                                                                                                                                                                                                                                                                                                                                                                                                                                                                                                                                                                                                                                                                                                                                                                                                                                                                                                                                                                                                                                                                                                                                                                                                                                                                                                                                                                                                                                                                                                                                                                                                                                                                                                                                                                                                                                                                                                                                                                              
         3 engineer                                                                                                                                                                                                                                                                                                                                                                                                                                                                                                                                                                                                                                                                                                                                                                                                                                                                                                                                                                                                                                                                                                                                                                                                                                                                                                                                                                                                                                                                                                                                                                                                                                                                                                                                                                                                                                                                                                                                                                                                                                                             
         4 Asst.Manager                                                                                                                                                                                                                                                                                                                                                                                                                                                                                                                                                                                                                                                                                                                                                                                                                                                                                                                                                                                                                                                                                                                                                                                                                                                                                                                                                                                                                                                                                                                                                                                                                                                                                                                                                                                                                                                                                                                                                                                                                                                         
         4 Sales_Executive                                                                                                                                                                                                                                                                                                                                                                                                                                                                                                                                                                                                                                                                                                                                                                                                                                                                                                                                                                                                                                                                                                                                                                                                                                                                                                                                                                                                                                                                                                                                                                                                                                                                                                                                                                                                                                                                                                                                                                                                                                                      
         4 manager                                                                                                                                                                                                                                                                                                                                                                                                                                                                                                                                                                                                                                                                                                                                                                                                                                                                                                                                                                                                                                                                                                                                                                                                                                                                                                                                                                                                                                                                                                                                                                                                                                                                                                                                                                                                                                                                                                                                                                                                                                                              

    EMP_ID JOB_TYPE                                                                                                                                                                                                                                                                                                                                                                                                                                                                                                                                                                                                                                                                                                                                                                                                                                                                                                                                                                                                                                                                                                                                                                                                                                                                                                                                                                                                                                                                                                                                                                                                                                                                                                                                                                                                                                                                                                                                                                                                                                                             
---------- --------------------                                                                                                                                                                                                                                                                                                                                                                                                                                                                                                                                                                                                                                                                                                                                                                                                                                                                                                                                                                                                                                                                                                                                                                                                                                                                                                                                                                                                                                                                                                                                                                                                                                                                                                                                                                                                                                                                                                                                                                                                                                                 
         5 engineer                                                                                                                                                                                                                                                                                                                                                                                                                                                                                                                                                                                                                                                                                                                                                                                                                                                                                                                                                                                                                                                                                                                                                                                                                                                                                                                                                                                                                                                                                                                                                                                                                                                                                                                                                                                                                                                                                                                                                                                                                                                             
         6 Clerk                                                                                                                                                                                                                                                                                                                                                                                                                                                                                                                                                                                                                                                                                                                                                                                                                                                                                                                                                                                                                                                                                                                                                                                                                                                                                                                                                                                                                                                                                                                                                                                                                                                                                                                                                                                                                                                                                                                                                                                                                                                                
         6 accountant                                                                                                                                                                                                                                                                                                                                                                                                                                                                                                                                                                                                                                                                                                                                                                                                                                                                                                                                                                                                                                                                                                                                                                                                                                                                                                                                                                                                                                                                                                                                                                                                                                                                                                                                                                                                                                                                                                                                                                                                                                                           

14 rows selected.

SQL> set pagesize 1000;
SQL> select emp_id, job_type from job_history union select emp_id,job_type from employee2;

    EMP_ID JOB_TYPE                                                                                                                                                                                                                                                                                                                                                                                                                                                                                                                                                                                                                                                                                                                                                                                                                                                                                                                                                                                                                                                                                                                                                                                                                                                                                                                                                                                                                                                                                                                                                                                                                                                                                                                                                                                                                                                                                                                                                                                                                                                             
---------- --------------------                                                                                                                                                                                                                                                                                                                                                                                                                                                                                                                                                                                                                                                                                                                                                                                                                                                                                                                                                                                                                                                                                                                                                                                                                                                                                                                                                                                                                                                                                                                                                                                                                                                                                                                                                                                                                                                                                                                                                                                                                                                 
         1 Engineer                                                                                                                                                                                                                                                                                                                                                                                                                                                                                                                                                                                                                                                                                                                                                                                                                                                                                                                                                                                                                                                                                                                                                                                                                                                                                                                                                                                                                                                                                                                                                                                                                                                                                                                                                                                                                                                                                                                                                                                                                                                             
         1 Manager                                                                                                                                                                                                                                                                                                                                                                                                                                                                                                                                                                                                                                                                                                                                                                                                                                                                                                                                                                                                                                                                                                                                                                                                                                                                                                                                                                                                                                                                                                                                                                                                                                                                                                                                                                                                                                                                                                                                                                                                                                                              
         1 manager                                                                                                                                                                                                                                                                                                                                                                                                                                                                                                                                                                                                                                                                                                                                                                                                                                                                                                                                                                                                                                                                                                                                                                                                                                                                                                                                                                                                                                                                                                                                                                                                                                                                                                                                                                                                                                                                                                                                                                                                                                                              
         2 Manager                                                                                                                                                                                                                                                                                                                                                                                                                                                                                                                                                                                                                                                                                                                                                                                                                                                                                                                                                                                                                                                                                                                                                                                                                                                                                                                                                                                                                                                                                                                                                                                                                                                                                                                                                                                                                                                                                                                                                                                                                                                              
         2 Sales_Executive                                                                                                                                                                                                                                                                                                                                                                                                                                                                                                                                                                                                                                                                                                                                                                                                                                                                                                                                                                                                                                                                                                                                                                                                                                                                                                                                                                                                                                                                                                                                                                                                                                                                                                                                                                                                                                                                                                                                                                                                                                                      
         2 Salesman                                                                                                                                                                                                                                                                                                                                                                                                                                                                                                                                                                                                                                                                                                                                                                                                                                                                                                                                                                                                                                                                                                                                                                                                                                                                                                                                                                                                                                                                                                                                                                                                                                                                                                                                                                                                                                                                                                                                                                                                                                                             
         2 manager                                                                                                                                                                                                                                                                                                                                                                                                                                                                                                                                                                                                                                                                                                                                                                                                                                                                                                                                                                                                                                                                                                                                                                                                                                                                                                                                                                                                                                                                                                                                                                                                                                                                                                                                                                                                                                                                                                                                                                                                                                                              
         3 engineer                                                                                                                                                                                                                                                                                                                                                                                                                                                                                                                                                                                                                                                                                                                                                                                                                                                                                                                                                                                                                                                                                                                                                                                                                                                                                                                                                                                                                                                                                                                                                                                                                                                                                                                                                                                                                                                                                                                                                                                                                                                             
         4 Asst.Manager                                                                                                                                                                                                                                                                                                                                                                                                                                                                                                                                                                                                                                                                                                                                                                                                                                                                                                                                                                                                                                                                                                                                                                                                                                                                                                                                                                                                                                                                                                                                                                                                                                                                                                                                                                                                                                                                                                                                                                                                                                                         
         4 Sales_Executive                                                                                                                                                                                                                                                                                                                                                                                                                                                                                                                                                                                                                                                                                                                                                                                                                                                                                                                                                                                                                                                                                                                                                                                                                                                                                                                                                                                                                                                                                                                                                                                                                                                                                                                                                                                                                                                                                                                                                                                                                                                      
         4 manager                                                                                                                                                                                                                                                                                                                                                                                                                                                                                                                                                                                                                                                                                                                                                                                                                                                                                                                                                                                                                                                                                                                                                                                                                                                                                                                                                                                                                                                                                                                                                                                                                                                                                                                                                                                                                                                                                                                                                                                                                                                              
         5 engineer                                                                                                                                                                                                                                                                                                                                                                                                                                                                                                                                                                                                                                                                                                                                                                                                                                                                                                                                                                                                                                                                                                                                                                                                                                                                                                                                                                                                                                                                                                                                                                                                                                                                                                                                                                                                                                                                                                                                                                                                                                                             
         6 Clerk                                                                                                                                                                                                                                                                                                                                                                                                                                                                                                                                                                                                                                                                                                                                                                                                                                                                                                                                                                                                                                                                                                                                                                                                                                                                                                                                                                                                                                                                                                                                                                                                                                                                                                                                                                                                                                                                                                                                                                                                                                                                
         6 accountant                                                                                                                                                                                                                                                                                                                                                                                                                                                                                                                                                                                                                                                                                                                                                                                                                                                                                                                                                                                                                                                                                                                                                                                                                                                                                                                                                                                                                                                                                                                                                                                                                                                                                                                                                                                                                                                                                                                                                                                                                                                           

14 rows selected.

SQL> delete from job_history where d_name='R2';

2 rows deleted.

SQL> select * from JOB_HISTORY;

    EMP_ID START_DAT END_DATE  JOB_TYPE             D_NAME                                                                                                                                                                                                                                                                                                                                                                                                                                                                                                                                                                                                                                                                                                                                                                                                                                                                                                                                                                                                                                                                                                                                                                                                                                                                                                                                                                                                                                                                                                                                                                                                                                                                                                                                                                                                                                                                                                                                                                                                                      
---------- --------- --------- -------------------- ---------------                                                                                                                                                                                                                                                                                                                                                                                                                                                                                                                                                                                                                                                                                                                                                                                                                                                                                                                                                                                                                                                                                                                                                                                                                                                                                                                                                                                                                                                                                                                                                                                                                                                                                                                                                                                                                                                                                                                                                                                                             
         1 04-JAN-98 30-JUN-01 Engineer             Production                                                                                                                                                                                                                                                                                                                                                                                                                                                                                                                                                                                                                                                                                                                                                                                                                                                                                                                                                                                                                                                                                                                                                                                                                                                                                                                                                                                                                                                                                                                                                                                                                                                                                                                                                                                                                                                                                                                                                                                                                  
         2 09-FEB-98 28-FEB-02 Salesman             Sales                                                                                                                                                                                                                                                                                                                                                                                                                                                                                                                                                                                                                                                                                                                                                                                                                                                                                                                                                                                                                                                                                                                                                                                                                                                                                                                                                                                                                                                                                                                                                                                                                                                                                                                                                                                                                                                                                                                                                                                                                       
         4 27-DEC-01 19-SEP-16 Sales_Executive      Marketing                                                                                                                                                                                                                                                                                                                                                                                                                                                                                                                                                                                                                                                                                                                                                                                                                                                                                                                                                                                                                                                                                                                                                                                                                                                                                                                                                                                                                                                                                                                                                                                                                                                                                                                                                                                                                                                                                                                                                                                                                   
         1 01-JUL-01 31-DEC-10 Manager              RnD                                                                                                                                                                                                                                                                                                                                                                                                                                                                                                                                                                                                                                                                                                                                                                                                                                                                                                                                                                                                                                                                                                                                                                                                                                                                                                                                                                                                                                                                                                                                                                                                                                                                                                                                                                                                                                                                                                                                                                                                                         
         2 01-MAR-02 30-MAR-15 Sales_Executive      Marketing                                                                                                                                                                                                                                                                                                                                                                                                                                                                                                                                                                                                                                                                                                                                                                                                                                                                                                                                                                                                                                                                                                                                                                                                                                                                                                                                                                                                                                                                                                                                                                                                                                                                                                                                                                                                                                                                                                                                                                                                                   
         2 01-APR-16 15-DEC-17 Manager              Sales                                                                                                                                                                                                                                                                                                                                                                                                                                                                                                                                                                                                                                                                                                                                                                                                                                                                                                                                                                                                                                                                                                                                                                                                                                                                                                                                                                                                                                                                                                                                                                                                                                                                                                                                                                                                                                                                                                                                                                                                                       
         4 20-SEP-16 16-DEC-17 Asst.Manager         Sales                                                                                                                                                                                                                                                                                                                                                                                                                                                                                                                                                                                                                                                                                                                                                                                                                                                                                                                                                                                                                                                                                                                                                                                                                                                                                                                                                                                                                                                                                                                                                                                                                                                                                                                                                                                                                                                                                                                                                                                                                       
         6 16-JUL-00 30-NOV-06 Clerk                Accounts                                                                                                                                                                                                                                                                                                                                                                                                                                                                                                                                                                                                                                                                                                                                                                                                                                                                                                                                                                                                                                                                                                                                                                                                                                                                                                                                                                                                                                                                                                                                                                                                                                                                                                                                                                                                                                                                                                                                                                                                                    

8 rows selected.

SQL> INSERT INTO JOB_HISTORY VALUES(5,'20-MAR-2002','12-AUG-2011','Engineer','RnD');

1 row created.

SQL> INSERT INTO JOB_HISTORY VALUES(5,'1-JAN-2011','31-JAN-2012','Engineer','Production');

1 row created.

SQL> select * from job_history;

    EMP_ID START_DAT END_DATE  JOB_TYPE             D_NAME                                                                                                                                                                                                                                                                                                                                                                                                                                                                                                                                                                                                                                                                                                                                                                                                                                                                                                                                                                                                                                                                                                                                                                                                                                                                                                                                                                                                                                                                                                                                                                                                                                                                                                                                                                                                                                                                                                                                                                                                                      
---------- --------- --------- -------------------- ---------------                                                                                                                                                                                                                                                                                                                                                                                                                                                                                                                                                                                                                                                                                                                                                                                                                                                                                                                                                                                                                                                                                                                                                                                                                                                                                                                                                                                                                                                                                                                                                                                                                                                                                                                                                                                                                                                                                                                                                                                                             
         1 04-JAN-98 30-JUN-01 Engineer             Production                                                                                                                                                                                                                                                                                                                                                                                                                                                                                                                                                                                                                                                                                                                                                                                                                                                                                                                                                                                                                                                                                                                                                                                                                                                                                                                                                                                                                                                                                                                                                                                                                                                                                                                                                                                                                                                                                                                                                                                                                  
         2 09-FEB-98 28-FEB-02 Salesman             Sales                                                                                                                                                                                                                                                                                                                                                                                                                                                                                                                                                                                                                                                                                                                                                                                                                                                                                                                                                                                                                                                                                                                                                                                                                                                                                                                                                                                                                                                                                                                                                                                                                                                                                                                                                                                                                                                                                                                                                                                                                       
         4 27-DEC-01 19-SEP-16 Sales_Executive      Marketing                                                                                                                                                                                                                                                                                                                                                                                                                                                                                                                                                                                                                                                                                                                                                                                                                                                                                                                                                                                                                                                                                                                                                                                                                                                                                                                                                                                                                                                                                                                                                                                                                                                                                                                                                                                                                                                                                                                                                                                                                   
         1 01-JUL-01 31-DEC-10 Manager              RnD                                                                                                                                                                                                                                                                                                                                                                                                                                                                                                                                                                                                                                                                                                                                                                                                                                                                                                                                                                                                                                                                                                                                                                                                                                                                                                                                                                                                                                                                                                                                                                                                                                                                                                                                                                                                                                                                                                                                                                                                                         
         2 01-MAR-02 30-MAR-15 Sales_Executive      Marketing                                                                                                                                                                                                                                                                                                                                                                                                                                                                                                                                                                                                                                                                                                                                                                                                                                                                                                                                                                                                                                                                                                                                                                                                                                                                                                                                                                                                                                                                                                                                                                                                                                                                                                                                                                                                                                                                                                                                                                                                                   
         2 01-APR-16 15-DEC-17 Manager              Sales                                                                                                                                                                                                                                                                                                                                                                                                                                                                                                                                                                                                                                                                                                                                                                                                                                                                                                                                                                                                                                                                                                                                                                                                                                                                                                                                                                                                                                                                                                                                                                                                                                                                                                                                                                                                                                                                                                                                                                                                                       
         4 20-SEP-16 16-DEC-17 Asst.Manager         Sales                                                                                                                                                                                                                                                                                                                                                                                                                                                                                                                                                                                                                                                                                                                                                                                                                                                                                                                                                                                                                                                                                                                                                                                                                                                                                                                                                                                                                                                                                                                                                                                                                                                                                                                                                                                                                                                                                                                                                                                                                       
         6 16-JUL-00 30-NOV-06 Clerk                Accounts                                                                                                                                                                                                                                                                                                                                                                                                                                                                                                                                                                                                                                                                                                                                                                                                                                                                                                                                                                                                                                                                                                                                                                                                                                                                                                                                                                                                                                                                                                                                                                                                                                                                                                                                                                                                                                                                                                                                                                                                                    
         5 20-MAR-02 12-AUG-11 Engineer             RnD                                                                                                                                                                                                                                                                                                                                                                                                                                                                                                                                                                                                                                                                                                                                                                                                                                                                                                                                                                                                                                                                                                                                                                                                                                                                                                                                                                                                                                                                                                                                                                                                                                                                                                                                                                                                                                                                                                                                                                                                                         
         5 01-JAN-11 31-JAN-12 Engineer             Production                                                                                                                                                                                                                                                                                                                                                                                                                                                                                                                                                                                                                                                                                                                                                                                                                                                                                                                                                                                                                                                                                                                                                                                                                                                                                                                                                                                                                                                                                                                                                                                                                                                                                                                                                                                                                                                                                                                                                                                                                  

10 rows selected.

SQL> insert into employee2 values(7,'dheeraj','kumar','clerk',40000,NULL, 'accounts',6,'01-JUL-2000');

1 row created.

SQL> insert into employee2 values(8,'saul','good','engineer',60000,NULL, 'rnd',NULL,'06-SEP-2014');

1 row created.

SQL> insert into employee2 values(9,'mou','bhat','clerk',30000,NULL, 'sales',4,'06-MAR-2018');

1 row created.

SQL> insert into employee2 values(10,'sunny','deol','salesman',20000,10000, 'marketing',2,'06-MAR-01');

1 row created.

SQL> insert into employee2 values(11,'bobby','deol','engineer',35000,NULL, 'rnd',8,17'-OCT-17');
insert into employee2 values(11,'bobby','deol','engineer',35000,NULL, 'rnd',8,17'-OCT-17')
                                                                                *
ERROR at line 1:
ORA-00917: missing comma 


SQL> insert into employee2 values(11,'bobby','deol','engineer',35000,NULL, 'rnd',8,'17-OCT-17');

1 row created.

SQL> insert into employee2 values(12,'amir','khan','salesman',15000,5000, 'marketing',2,'11-JAN-13');

1 row created.

SQL> select * from employee2;

    EMP_ID F_NAME     L_NAME     JOB_TYPE       SALARY  COMMISION DEPT            MANAGER_ID DOJ                                                                                                                                                                                                                                                                                                                                                                                                                                                                                                                                                                                                                                                                                                                                                                                                                                                                                                                                                                                                                                                                                                                                                                                                                                                                                                                                                                                                                                                                                                                                                                                                                                                                                                                                                                                                                                                                                                                                                                                
---------- ---------- ---------- ---------- ---------- ---------- --------------- ---------- ---------                                                                                                                                                                                                                                                                                                                                                                                                                                                                                                                                                                                                                                                                                                                                                                                                                                                                                                                                                                                                                                                                                                                                                                                                                                                                                                                                                                                                                                                                                                                                                                                                                                                                                                                                                                                                                                                                                                                                                                          
         1 arun       khan       manager         90000            production                 04-JAN-98                                                                                                                                                                                                                                                                                                                                                                                                                                                                                                                                                                                                                                                                                                                                                                                                                                                                                                                                                                                                                                                                                                                                                                                                                                                                                                                                                                                                                                                                                                                                                                                                                                                                                                                                                                                                                                                                                                                                                                          
         2 barun      kumar      manager         80000            marketing                  09-FEB-98                                                                                                                                                                                                                                                                                                                                                                                                                                                                                                                                                                                                                                                                                                                                                                                                                                                                                                                                                                                                                                                                                                                                                                                                                                                                                                                                                                                                                                                                                                                                                                                                                                                                                                                                                                                                                                                                                                                                                                          
         3 chitra     kapoor     engineer        60000            production               1 08-JAN-98                                                                                                                                                                                                                                                                                                                                                                                                                                                                                                                                                                                                                                                                                                                                                                                                                                                                                                                                                                                                                                                                                                                                                                                                                                                                                                                                                                                                                                                                                                                                                                                                                                                                                                                                                                                                                                                                                                                                                                          
         4 dheeraj    mishra     manager         75000            sales                    2 27-DEC-01                                                                                                                                                                                                                                                                                                                                                                                                                                                                                                                                                                                                                                                                                                                                                                                                                                                                                                                                                                                                                                                                                                                                                                                                                                                                                                                                                                                                                                                                                                                                                                                                                                                                                                                                                                                                                                                                                                                                                                          
         5 emma       dutt       engineer        55000            production               1 20-MAR-02                                                                                                                                                                                                                                                                                                                                                                                                                                                                                                                                                                                                                                                                                                                                                                                                                                                                                                                                                                                                                                                                                                                                                                                                                                                                                                                                                                                                                                                                                                                                                                                                                                                                                                                                                                                                                                                                                                                                                                          
         6 folki      dutt       accountant      70000            accounts                   16-JUL-16                                                                                                                                                                                                                                                                                                                                                                                                                                                                                                                                                                                                                                                                                                                                                                                                                                                                                                                                                                                                                                                                                                                                                                                                                                                                                                                                                                                                                                                                                                                                                                                                                                                                                                                                                                                                                                                                                                                                                                          
         7 dheeraj    kumar      clerk           40000            accounts                 6 01-JUL-00                                                                                                                                                                                                                                                                                                                                                                                                                                                                                                                                                                                                                                                                                                                                                                                                                                                                                                                                                                                                                                                                                                                                                                                                                                                                                                                                                                                                                                                                                                                                                                                                                                                                                                                                                                                                                                                                                                                                                                          
         8 saul       good       engineer        60000            rnd                        06-SEP-14                                                                                                                                                                                                                                                                                                                                                                                                                                                                                                                                                                                                                                                                                                                                                                                                                                                                                                                                                                                                                                                                                                                                                                                                                                                                                                                                                                                                                                                                                                                                                                                                                                                                                                                                                                                                                                                                                                                                                                          
         9 mou        bhat       clerk           30000            sales                    4 06-MAR-18                                                                                                                                                                                                                                                                                                                                                                                                                                                                                                                                                                                                                                                                                                                                                                                                                                                                                                                                                                                                                                                                                                                                                                                                                                                                                                                                                                                                                                                                                                                                                                                                                                                                                                                                                                                                                                                                                                                                                                          
        10 sunny      deol       salesman        20000      10000 marketing                2 06-MAR-01                                                                                                                                                                                                                                                                                                                                                                                                                                                                                                                                                                                                                                                                                                                                                                                                                                                                                                                                                                                                                                                                                                                                                                                                                                                                                                                                                                                                                                                                                                                                                                                                                                                                                                                                                                                                                                                                                                                                                                          
        11 bobby      deol       engineer        35000            rnd                      8 17-OCT-17                                                                                                                                                                                                                                                                                                                                                                                                                                                                                                                                                                                                                                                                                                                                                                                                                                                                                                                                                                                                                                                                                                                                                                                                                                                                                                                                                                                                                                                                                                                                                                                                                                                                                                                                                                                                                                                                                                                                                                          
        12 amir       khan       salesman        15000       5000 marketing                2 11-JAN-13                                                                                                                                                                                                                                                                                                                                                                                                                                                                                                                                                                                                                                                                                                                                                                                                                                                                                                                                                                                                                                                                                                                                                                                                                                                                                                                                                                                                                                                                                                                                                                                                                                                                                                                                                                                                                                                                                                                                                                          

12 rows selected.

SQL> select * from job_history;

    EMP_ID START_DAT END_DATE  JOB_TYPE             D_NAME                                                                                                                                                                                                                                                                                                                                                                                                                                                                                                                                                                                                                                                                                                                                                                                                                                                                                                                                                                                                                                                                                                                                                                                                                                                                                                                                                                                                                                                                                                                                                                                                                                                                                                                                                                                                                                                                                                                                                                                                                      
---------- --------- --------- -------------------- ---------------                                                                                                                                                                                                                                                                                                                                                                                                                                                                                                                                                                                                                                                                                                                                                                                                                                                                                                                                                                                                                                                                                                                                                                                                                                                                                                                                                                                                                                                                                                                                                                                                                                                                                                                                                                                                                                                                                                                                                                                                             
         1 04-JAN-98 30-JUN-01 Engineer             Production                                                                                                                                                                                                                                                                                                                                                                                                                                                                                                                                                                                                                                                                                                                                                                                                                                                                                                                                                                                                                                                                                                                                                                                                                                                                                                                                                                                                                                                                                                                                                                                                                                                                                                                                                                                                                                                                                                                                                                                                                  
         2 09-FEB-98 28-FEB-02 Salesman             Sales                                                                                                                                                                                                                                                                                                                                                                                                                                                                                                                                                                                                                                                                                                                                                                                                                                                                                                                                                                                                                                                                                                                                                                                                                                                                                                                                                                                                                                                                                                                                                                                                                                                                                                                                                                                                                                                                                                                                                                                                                       
         4 27-DEC-01 19-SEP-16 Sales_Executive      Marketing                                                                                                                                                                                                                                                                                                                                                                                                                                                                                                                                                                                                                                                                                                                                                                                                                                                                                                                                                                                                                                                                                                                                                                                                                                                                                                                                                                                                                                                                                                                                                                                                                                                                                                                                                                                                                                                                                                                                                                                                                   
         1 01-JUL-01 31-DEC-10 Manager              RnD                                                                                                                                                                                                                                                                                                                                                                                                                                                                                                                                                                                                                                                                                                                                                                                                                                                                                                                                                                                                                                                                                                                                                                                                                                                                                                                                                                                                                                                                                                                                                                                                                                                                                                                                                                                                                                                                                                                                                                                                                         
         2 01-MAR-02 30-MAR-15 Sales_Executive      Marketing                                                                                                                                                                                                                                                                                                                                                                                                                                                                                                                                                                                                                                                                                                                                                                                                                                                                                                                                                                                                                                                                                                                                                                                                                                                                                                                                                                                                                                                                                                                                                                                                                                                                                                                                                                                                                                                                                                                                                                                                                   
         2 01-APR-16 15-DEC-17 Manager              Sales                                                                                                                                                                                                                                                                                                                                                                                                                                                                                                                                                                                                                                                                                                                                                                                                                                                                                                                                                                                                                                                                                                                                                                                                                                                                                                                                                                                                                                                                                                                                                                                                                                                                                                                                                                                                                                                                                                                                                                                                                       
         4 20-SEP-16 16-DEC-17 Asst.Manager         Sales                                                                                                                                                                                                                                                                                                                                                                                                                                                                                                                                                                                                                                                                                                                                                                                                                                                                                                                                                                                                                                                                                                                                                                                                                                                                                                                                                                                                                                                                                                                                                                                                                                                                                                                                                                                                                                                                                                                                                                                                                       
         6 16-JUL-00 30-NOV-06 Clerk                Accounts                                                                                                                                                                                                                                                                                                                                                                                                                                                                                                                                                                                                                                                                                                                                                                                                                                                                                                                                                                                                                                                                                                                                                                                                                                                                                                                                                                                                                                                                                                                                                                                                                                                                                                                                                                                                                                                                                                                                                                                                                    
         5 20-MAR-02 12-AUG-11 Engineer             RnD                                                                                                                                                                                                                                                                                                                                                                                                                                                                                                                                                                                                                                                                                                                                                                                                                                                                                                                                                                                                                                                                                                                                                                                                                                                                                                                                                                                                                                                                                                                                                                                                                                                                                                                                                                                                                                                                                                                                                                                                                         
         5 01-JAN-11 31-JAN-12 Engineer             Production                                                                                                                                                                                                                                                                                                                                                                                                                                                                                                                                                                                                                                                                                                                                                                                                                                                                                                                                                                                                                                                                                                                                                                                                                                                                                                                                                                                                                                                                                                                                                                                                                                                                                                                                                                                                                                                                                                                                                                                                                  

10 rows selected.

SQL> select emp_id, job_type from job_history union select emp_id,job_type from employee2;

    EMP_ID JOB_TYPE                                                                                                                                                                                                                                                                                                                                                                                                                                                                                                                                                                                                                                                                                                                                                                                                                                                                                                                                                                                                                                                                                                                                                                                                                                                                                                                                                                                                                                                                                                                                                                                                                                                                                                                                                                                                                                                                                                                                                                                                                                                             
---------- --------------------                                                                                                                                                                                                                                                                                                                                                                                                                                                                                                                                                                                                                                                                                                                                                                                                                                                                                                                                                                                                                                                                                                                                                                                                                                                                                                                                                                                                                                                                                                                                                                                                                                                                                                                                                                                                                                                                                                                                                                                                                                                 
         1 Engineer                                                                                                                                                                                                                                                                                                                                                                                                                                                                                                                                                                                                                                                                                                                                                                                                                                                                                                                                                                                                                                                                                                                                                                                                                                                                                                                                                                                                                                                                                                                                                                                                                                                                                                                                                                                                                                                                                                                                                                                                                                                             
         1 Manager                                                                                                                                                                                                                                                                                                                                                                                                                                                                                                                                                                                                                                                                                                                                                                                                                                                                                                                                                                                                                                                                                                                                                                                                                                                                                                                                                                                                                                                                                                                                                                                                                                                                                                                                                                                                                                                                                                                                                                                                                                                              
         1 manager                                                                                                                                                                                                                                                                                                                                                                                                                                                                                                                                                                                                                                                                                                                                                                                                                                                                                                                                                                                                                                                                                                                                                                                                                                                                                                                                                                                                                                                                                                                                                                                                                                                                                                                                                                                                                                                                                                                                                                                                                                                              
         2 Manager                                                                                                                                                                                                                                                                                                                                                                                                                                                                                                                                                                                                                                                                                                                                                                                                                                                                                                                                                                                                                                                                                                                                                                                                                                                                                                                                                                                                                                                                                                                                                                                                                                                                                                                                                                                                                                                                                                                                                                                                                                                              
         2 Sales_Executive                                                                                                                                                                                                                                                                                                                                                                                                                                                                                                                                                                                                                                                                                                                                                                                                                                                                                                                                                                                                                                                                                                                                                                                                                                                                                                                                                                                                                                                                                                                                                                                                                                                                                                                                                                                                                                                                                                                                                                                                                                                      
         2 Salesman                                                                                                                                                                                                                                                                                                                                                                                                                                                                                                                                                                                                                                                                                                                                                                                                                                                                                                                                                                                                                                                                                                                                                                                                                                                                                                                                                                                                                                                                                                                                                                                                                                                                                                                                                                                                                                                                                                                                                                                                                                                             
         2 manager                                                                                                                                                                                                                                                                                                                                                                                                                                                                                                                                                                                                                                                                                                                                                                                                                                                                                                                                                                                                                                                                                                                                                                                                                                                                                                                                                                                                                                                                                                                                                                                                                                                                                                                                                                                                                                                                                                                                                                                                                                                              
         3 engineer                                                                                                                                                                                                                                                                                                                                                                                                                                                                                                                                                                                                                                                                                                                                                                                                                                                                                                                                                                                                                                                                                                                                                                                                                                                                                                                                                                                                                                                                                                                                                                                                                                                                                                                                                                                                                                                                                                                                                                                                                                                             
         4 Asst.Manager                                                                                                                                                                                                                                                                                                                                                                                                                                                                                                                                                                                                                                                                                                                                                                                                                                                                                                                                                                                                                                                                                                                                                                                                                                                                                                                                                                                                                                                                                                                                                                                                                                                                                                                                                                                                                                                                                                                                                                                                                                                         
         4 Sales_Executive                                                                                                                                                                                                                                                                                                                                                                                                                                                                                                                                                                                                                                                                                                                                                                                                                                                                                                                                                                                                                                                                                                                                                                                                                                                                                                                                                                                                                                                                                                                                                                                                                                                                                                                                                                                                                                                                                                                                                                                                                                                      
         4 manager                                                                                                                                                                                                                                                                                                                                                                                                                                                                                                                                                                                                                                                                                                                                                                                                                                                                                                                                                                                                                                                                                                                                                                                                                                                                                                                                                                                                                                                                                                                                                                                                                                                                                                                                                                                                                                                                                                                                                                                                                                                              
         5 Engineer                                                                                                                                                                                                                                                                                                                                                                                                                                                                                                                                                                                                                                                                                                                                                                                                                                                                                                                                                                                                                                                                                                                                                                                                                                                                                                                                                                                                                                                                                                                                                                                                                                                                                                                                                                                                                                                                                                                                                                                                                                                             
         5 engineer                                                                                                                                                                                                                                                                                                                                                                                                                                                                                                                                                                                                                                                                                                                                                                                                                                                                                                                                                                                                                                                                                                                                                                                                                                                                                                                                                                                                                                                                                                                                                                                                                                                                                                                                                                                                                                                                                                                                                                                                                                                             
         6 Clerk                                                                                                                                                                                                                                                                                                                                                                                                                                                                                                                                                                                                                                                                                                                                                                                                                                                                                                                                                                                                                                                                                                                                                                                                                                                                                                                                                                                                                                                                                                                                                                                                                                                                                                                                                                                                                                                                                                                                                                                                                                                                
         6 accountant                                                                                                                                                                                                                                                                                                                                                                                                                                                                                                                                                                                                                                                                                                                                                                                                                                                                                                                                                                                                                                                                                                                                                                                                                                                                                                                                                                                                                                                                                                                                                                                                                                                                                                                                                                                                                                                                                                                                                                                                                                                           
         7 clerk                                                                                                                                                                                                                                                                                                                                                                                                                                                                                                                                                                                                                                                                                                                                                                                                                                                                                                                                                                                                                                                                                                                                                                                                                                                                                                                                                                                                                                                                                                                                                                                                                                                                                                                                                                                                                                                                                                                                                                                                                                                                
         8 engineer                                                                                                                                                                                                                                                                                                                                                                                                                                                                                                                                                                                                                                                                                                                                                                                                                                                                                                                                                                                                                                                                                                                                                                                                                                                                                                                                                                                                                                                                                                                                                                                                                                                                                                                                                                                                                                                                                                                                                                                                                                                             
         9 clerk                                                                                                                                                                                                                                                                                                                                                                                                                                                                                                                                                                                                                                                                                                                                                                                                                                                                                                                                                                                                                                                                                                                                                                                                                                                                                                                                                                                                                                                                                                                                                                                                                                                                                                                                                                                                                                                                                                                                                                                                                                                                
        10 salesman                                                                                                                                                                                                                                                                                                                                                                                                                                                                                                                                                                                                                                                                                                                                                                                                                                                                                                                                                                                                                                                                                                                                                                                                                                                                                                                                                                                                                                                                                                                                                                                                                                                                                                                                                                                                                                                                                                                                                                                                                                                             
        11 engineer                                                                                                                                                                                                                                                                                                                                                                                                                                                                                                                                                                                                                                                                                                                                                                                                                                                                                                                                                                                                                                                                                                                                                                                                                                                                                                                                                                                                                                                                                                                                                                                                                                                                                                                                                                                                                                                                                                                                                                                                                                                             
        12 salesman                                                                                                                                                                                                                                                                                                                                                                                                                                                                                                                                                                                                                                                                                                                                                                                                                                                                                                                                                                                                                                                                                                                                                                                                                                                                                                                                                                                                                                                                                                                                                                                                                                                                                                                                                                                                                                                                                                                                                                                                                                                             

21 rows selected.

SQL> select emp_id,d_name,job_type from job_history union select emp_id,d_name,job_type from employee2;
select emp_id,d_name,job_type from job_history union select emp_id,d_name,job_type from employee2
                                                                   *
ERROR at line 1:
ORA-00904: "D_NAME": invalid identifier 


SQL> select emp_id,d_name,job_type from job_history union select emp_id,dept,job_type from employee2;

    EMP_ID D_NAME          JOB_TYPE                                                                                                                                                                                                                                                                                                                                                                                                                                                                                                                                                                                                                                                                                                                                                                                                                                                                                                                                                                                                                                                                                                                                                                                                                                                                                                                                                                                                                                                                                                                                                                                                                                                                                                                                                                                                                                                                                                                                                                                                                                             
---------- --------------- --------------------                                                                                                                                                                                                                                                                                                                                                                                                                                                                                                                                                                                                                                                                                                                                                                                                                                                                                                                                                                                                                                                                                                                                                                                                                                                                                                                                                                                                                                                                                                                                                                                                                                                                                                                                                                                                                                                                                                                                                                                                                                 
         1 Production      Engineer                                                                                                                                                                                                                                                                                                                                                                                                                                                                                                                                                                                                                                                                                                                                                                                                                                                                                                                                                                                                                                                                                                                                                                                                                                                                                                                                                                                                                                                                                                                                                                                                                                                                                                                                                                                                                                                                                                                                                                                                                                             
         1 RnD             Manager                                                                                                                                                                                                                                                                                                                                                                                                                                                                                                                                                                                                                                                                                                                                                                                                                                                                                                                                                                                                                                                                                                                                                                                                                                                                                                                                                                                                                                                                                                                                                                                                                                                                                                                                                                                                                                                                                                                                                                                                                                              
         1 production      manager                                                                                                                                                                                                                                                                                                                                                                                                                                                                                                                                                                                                                                                                                                                                                                                                                                                                                                                                                                                                                                                                                                                                                                                                                                                                                                                                                                                                                                                                                                                                                                                                                                                                                                                                                                                                                                                                                                                                                                                                                                              
         2 Marketing       Sales_Executive                                                                                                                                                                                                                                                                                                                                                                                                                                                                                                                                                                                                                                                                                                                                                                                                                                                                                                                                                                                                                                                                                                                                                                                                                                                                                                                                                                                                                                                                                                                                                                                                                                                                                                                                                                                                                                                                                                                                                                                                                                      
         2 Sales           Manager                                                                                                                                                                                                                                                                                                                                                                                                                                                                                                                                                                                                                                                                                                                                                                                                                                                                                                                                                                                                                                                                                                                                                                                                                                                                                                                                                                                                                                                                                                                                                                                                                                                                                                                                                                                                                                                                                                                                                                                                                                              
         2 Sales           Salesman                                                                                                                                                                                                                                                                                                                                                                                                                                                                                                                                                                                                                                                                                                                                                                                                                                                                                                                                                                                                                                                                                                                                                                                                                                                                                                                                                                                                                                                                                                                                                                                                                                                                                                                                                                                                                                                                                                                                                                                                                                             
         2 marketing       manager                                                                                                                                                                                                                                                                                                                                                                                                                                                                                                                                                                                                                                                                                                                                                                                                                                                                                                                                                                                                                                                                                                                                                                                                                                                                                                                                                                                                                                                                                                                                                                                                                                                                                                                                                                                                                                                                                                                                                                                                                                              
         3 production      engineer                                                                                                                                                                                                                                                                                                                                                                                                                                                                                                                                                                                                                                                                                                                                                                                                                                                                                                                                                                                                                                                                                                                                                                                                                                                                                                                                                                                                                                                                                                                                                                                                                                                                                                                                                                                                                                                                                                                                                                                                                                             
         4 Marketing       Sales_Executive                                                                                                                                                                                                                                                                                                                                                                                                                                                                                                                                                                                                                                                                                                                                                                                                                                                                                                                                                                                                                                                                                                                                                                                                                                                                                                                                                                                                                                                                                                                                                                                                                                                                                                                                                                                                                                                                                                                                                                                                                                      
         4 Sales           Asst.Manager                                                                                                                                                                                                                                                                                                                                                                                                                                                                                                                                                                                                                                                                                                                                                                                                                                                                                                                                                                                                                                                                                                                                                                                                                                                                                                                                                                                                                                                                                                                                                                                                                                                                                                                                                                                                                                                                                                                                                                                                                                         
         4 sales           manager                                                                                                                                                                                                                                                                                                                                                                                                                                                                                                                                                                                                                                                                                                                                                                                                                                                                                                                                                                                                                                                                                                                                                                                                                                                                                                                                                                                                                                                                                                                                                                                                                                                                                                                                                                                                                                                                                                                                                                                                                                              
         5 Production      Engineer                                                                                                                                                                                                                                                                                                                                                                                                                                                                                                                                                                                                                                                                                                                                                                                                                                                                                                                                                                                                                                                                                                                                                                                                                                                                                                                                                                                                                                                                                                                                                                                                                                                                                                                                                                                                                                                                                                                                                                                                                                             
         5 RnD             Engineer                                                                                                                                                                                                                                                                                                                                                                                                                                                                                                                                                                                                                                                                                                                                                                                                                                                                                                                                                                                                                                                                                                                                                                                                                                                                                                                                                                                                                                                                                                                                                                                                                                                                                                                                                                                                                                                                                                                                                                                                                                             
         5 production      engineer                                                                                                                                                                                                                                                                                                                                                                                                                                                                                                                                                                                                                                                                                                                                                                                                                                                                                                                                                                                                                                                                                                                                                                                                                                                                                                                                                                                                                                                                                                                                                                                                                                                                                                                                                                                                                                                                                                                                                                                                                                             
         6 Accounts        Clerk                                                                                                                                                                                                                                                                                                                                                                                                                                                                                                                                                                                                                                                                                                                                                                                                                                                                                                                                                                                                                                                                                                                                                                                                                                                                                                                                                                                                                                                                                                                                                                                                                                                                                                                                                                                                                                                                                                                                                                                                                                                
         6 accounts        accountant                                                                                                                                                                                                                                                                                                                                                                                                                                                                                                                                                                                                                                                                                                                                                                                                                                                                                                                                                                                                                                                                                                                                                                                                                                                                                                                                                                                                                                                                                                                                                                                                                                                                                                                                                                                                                                                                                                                                                                                                                                           
         7 accounts        clerk                                                                                                                                                                                                                                                                                                                                                                                                                                                                                                                                                                                                                                                                                                                                                                                                                                                                                                                                                                                                                                                                                                                                                                                                                                                                                                                                                                                                                                                                                                                                                                                                                                                                                                                                                                                                                                                                                                                                                                                                                                                
         8 rnd             engineer                                                                                                                                                                                                                                                                                                                                                                                                                                                                                                                                                                                                                                                                                                                                                                                                                                                                                                                                                                                                                                                                                                                                                                                                                                                                                                                                                                                                                                                                                                                                                                                                                                                                                                                                                                                                                                                                                                                                                                                                                                             
         9 sales           clerk                                                                                                                                                                                                                                                                                                                                                                                                                                                                                                                                                                                                                                                                                                                                                                                                                                                                                                                                                                                                                                                                                                                                                                                                                                                                                                                                                                                                                                                                                                                                                                                                                                                                                                                                                                                                                                                                                                                                                                                                                                                
        10 marketing       salesman                                                                                                                                                                                                                                                                                                                                                                                                                                                                                                                                                                                                                                                                                                                                                                                                                                                                                                                                                                                                                                                                                                                                                                                                                                                                                                                                                                                                                                                                                                                                                                                                                                                                                                                                                                                                                                                                                                                                                                                                                                             
        11 rnd             engineer                                                                                                                                                                                                                                                                                                                                                                                                                                                                                                                                                                                                                                                                                                                                                                                                                                                                                                                                                                                                                                                                                                                                                                                                                                                                                                                                                                                                                                                                                                                                                                                                                                                                                                                                                                                                                                                                                                                                                                                                                                             
        12 marketing       salesman                                                                                                                                                                                                                                                                                                                                                                                                                                                                                                                                                                                                                                                                                                                                                                                                                                                                                                                                                                                                                                                                                                                                                                                                                                                                                                                                                                                                                                                                                                                                                                                                                                                                                                                                                                                                                                                                                                                                                                                                                                             

22 rows selected.

SQL> commit;

Commit complete.

SQL> spool off;
SQL> select emp_id, dept, job_type from employee2 union select emp_id, d_name, job_type from job_history;

    EMP_ID DEPT            JOB_TYPE                                             
---------- --------------- --------------------                                 
         1 Production      Engineer                                             
         1 RnD             Manager                                              
         1 production      manager                                              
         2 Marketing       Sales_Executive                                      
         2 Sales           Manager                                              
         2 Sales           Salesman                                             
         2 marketing       manager                                              
         3 production      engineer                                             
         4 Marketing       Sales_Executive                                      
         4 Sales           Asst.Manager                                         
         4 sales           manager                                              

    EMP_ID DEPT            JOB_TYPE                                             
---------- --------------- --------------------                                 
         5 Production      Engineer                                             
         5 RnD             Engineer                                             
         5 production      engineer                                             
         6 Accounts        Clerk                                                
         6 accounts        accountant                                           
         7 accounts        clerk                                                
         8 rnd             engineer                                             
         9 sales           clerk                                                
        10 marketing       salesman                                             
        11 rnd             engineer                                             
        12 marketing       salesman                                             

22 rows selected.

SQL> select emp_id, job_type from employee2 intersect select emp_id, job_type from job_history;

no rows selected

SQL> select emp_id, job_type from employee2 minus selct emp_id, job_type from job_history;
select emp_id, job_type from employee2 minus selct emp_id, job_type from job_history
                                             *
ERROR at line 1:
ORA-00928: missing SELECT keyword 


SQL> select emp_id, job_type from employee2 minus select emp_id, job_type from job_history;

    EMP_ID JOB_TYPE                                                             
---------- --------------------                                                 
         1 manager                                                              
         2 manager                                                              
         3 engineer                                                             
         4 manager                                                              
         5 engineer                                                             
         6 accountant                                                           
         7 clerk                                                                
         8 engineer                                                             
         9 clerk                                                                
        10 salesman                                                             
        11 engineer                                                             

    EMP_ID JOB_TYPE                                                             
---------- --------------------                                                 
        12 salesman                                                             

12 rows selected.

SQL> set pagesize 2000;
SQL> select f_name, salary from employee2 where salary > (select salary from employee2 where f_name = 'chitra');

F_NAME         SALARY                                                           
---------- ----------                                                           
arun            90000                                                           
barun           80000                                                           
dheeraj         75000                                                           
folki           70000                                                           

SQL> select emp_id, job type from employee2 where job_type = (select job_type from employee2 where emp_id =7);
select emp_id, job type from employee2 where job_type = (select job_type from employee2 where emp_id =7)
               *
ERROR at line 1:
ORA-00904: "JOB": invalid identifier 


SQL> select emp_id, job_type from employee2 where job_type = (select job_type from employee2 where emp_id =7);

    EMP_ID JOB_TYPE                                                             
---------- ----------                                                           
         7 clerk                                                                
         9 clerk                                                                

SQL> select f_name, salary from employee2 where job_type =( select job_type from employee2 where emp_id =3) and salary > (select salary from empoyee2 where emp_id =7);
select f_name, salary from employee2 where job_type =( select job_type from employee2 where emp_id =3) and salary > (select salary from empoyee2 where emp_id =7)
                                                                                                                                        *
ERROR at line 1:
ORA-00942: table or view does not exist 


SQL> select f_name, salary from employee2 where job_type =( select job_type from employee2 where emp_id =3) and salary > (select salary from employee2 where emp_id =7);

F_NAME         SALARY                                                           
---------- ----------                                                           
chitra          60000                                                           
emma            55000                                                           
saul            60000                                                           

SQL> select f_name, salary from wmployee2 where salary < (select avg(salary) from wmployee2);
select f_name, salary from wmployee2 where salary < (select avg(salary) from wmployee2)
                           *
ERROR at line 1:
ORA-00942: table or view does not exist 


SQL> select f_name, salary from employee2 where salary < (select avg(salary) from wmployee2);
select f_name, salary from employee2 where salary < (select avg(salary) from wmployee2)
                                                                             *
ERROR at line 1:
ORA-00942: table or view does not exist 


SQL> select f_name, salary from employee2 where salary < (select avg(salary) from employee2);

F_NAME         SALARY                                                           
---------- ----------                                                           
dheeraj         40000                                                           
mou             30000                                                           
sunny           20000                                                           
bobby           35000                                                           
amir            15000                                                           

SQL> select job_type from ( select job_type,avg(salary) from employee2 group by job_type having avg(salary) =(select min(avg(salary)) from employee2 group by( job_type)));

JOB_TYPE                                                                        
----------                                                                      
salesman                                                                        

SQL> select dept, min(salary) from employee2 group by ( dept) having min(salary) < (select min(salary) from employee2 group by (dept) having dept="sales");
select dept, min(salary) from employee2 group by ( dept) having min(salary) < (select min(salary) from employee2 group by (dept) having dept="sales")
                                                                                                                                             *
ERROR at line 1:
ORA-00904: "sales": invalid identifier 


SQL> select dept, min(salary) from employee2 group by ( dept) having min(salary) < (select min(salary) from employee2 group by (dept) having dept="Sales");
select dept, min(salary) from employee2 group by ( dept) having min(salary) < (select min(salary) from employee2 group by (dept) having dept="Sales")
                                                                                                                                             *
ERROR at line 1:
ORA-00904: "Sales": invalid identifier 


SQL> select dept, min(salary) from employee2 group by ( dept) having min(salary) < (select min(salary) from employee2 group by (dept) having dept="SALES");
select dept, min(salary) from employee2 group by ( dept) having min(salary) < (select min(salary) from employee2 group by (dept) having dept="SALES")
                                                                                                                                             *
ERROR at line 1:
ORA-00904: "SALES": invalid identifier 


SQL> select dept, min(salary) from employee2 group by ( dept) having min(salary) < (select min(salary) from employee2 group by (dept) having dept='Sales');

no rows selected

SQL> select dept, min(salary) from employee2 group by ( dept) having min(salary) < (select min(salary) from employee2 group by (dept) having dept="Sales");
select dept, min(salary) from employee2 group by ( dept) having min(salary) < (select min(salary) from employee2 group by (dept) having dept="Sales")
                                                                                                                                             *
ERROR at line 1:
ORA-00904: "Sales": invalid identifier 


SQL> select dept, min(salary) from employee2 group by (dept) having min(salary) < (select min(salary) from employee2 group by (dept) having dept='Sales');

no rows selected

SQL> select dept, min(salary) from employee2 group by (dept) having min(salary) < (select min(salary) from employee2 group by (dept) having dept='sales');

DEPT            MIN(SALARY)                                                     
--------------- -----------                                                     
marketing             15000                                                     

SQL> select f_name, dept, salary from employee2 where salary in( select min(salary) from employee2 group by (dept));

F_NAME     DEPT                SALARY                                           
---------- --------------- ----------                                           
emma       production           55000                                           
dheeraj    accounts             40000                                           
mou        sales                30000                                           
bobby      rnd                  35000                                           
amir       marketing            15000                                           

SQL> select f_name, job_type, salary from employee2 where salary in(select max(salary) from employee2 grop by(job_type));
select f_name, job_type, salary from employee2 where salary in(select max(salary) from employee2 grop by(job_type))
                                                                                                      *
ERROR at line 1:
ORA-00907: missing right parenthesis 


SQL> select f_name, job_type, salary from employee2 where salary in(select max(salary) from employee2 group by(job_type));

F_NAME     JOB_TYPE       SALARY                                                
---------- ---------- ----------                                                
arun       manager         90000                                                
chitra     engineer        60000                                                
folki      accountant      70000                                                
dheeraj    clerk           40000                                                
saul       engineer        60000                                                
sunny      salesman        20000                                                

6 rows selected.

SQL> select f_name, job_type, dept, salary from employee2 where job_type != 'engineer' and salary < any(select salary from employee2 where job_tyope ='engineer');
select f_name, job_type, dept, salary from employee2 where job_type != 'engineer' and salary < any(select salary from employee2 where job_tyope ='engineer')
                                                                                                                                      *
ERROR at line 1:
ORA-00904: "JOB_TYOPE": invalid identifier 


SQL> select f_name, job_type, dept, salary from employee2 where job_type != 'engineer' and salary < any(select salary from employee2 where job_type ='engineer');

F_NAME     JOB_TYPE   DEPT                SALARY                                
---------- ---------- --------------- ----------                                
amir       salesman   marketing            15000                                
sunny      salesman   marketing            20000                                
mou        clerk      sales                30000                                
dheeraj    clerk      accounts             40000                                

SQL> select f_name, job_type, dept, salary from employee2 wehre job_type !='clerk' adn salary > all (select salary from employee2 where job_type= 'clerk');
select f_name, job_type, dept, salary from employee2 wehre job_type !='clerk' adn salary > all (select salary from employee2 where job_type= 'clerk')
                                                           *
ERROR at line 1:
ORA-00933: SQL command not properly ended 


SQL> select f_name, job_type, dept, salary from employee2 wehre job_type !='clerk' adn salary > all (select salary from employee2 where job_type = 'clerk');
select f_name, job_type, dept, salary from employee2 wehre job_type !='clerk' adn salary > all (select salary from employee2 where job_type = 'clerk')
                                                           *
ERROR at line 1:
ORA-00933: SQL command not properly ended 


SQL> select f_name, job_type, dept, salary from employee2 where job_type !='clerk' adn salary > all (select salary from employee2 where job_type = 'clerk');
select f_name, job_type, dept, salary from employee2 where job_type !='clerk' adn salary > all (select salary from employee2 where job_type = 'clerk')
                                                                              *
ERROR at line 1:
ORA-00933: SQL command not properly ended 


SQL> select f_name, job_type, dept, salary from employee2 where job_type !='clerk' and salary > all (select salary from employee2 where job_type = 'clerk');

F_NAME     JOB_TYPE   DEPT                SALARY                                
---------- ---------- --------------- ----------                                
emma       engineer   production           55000                                
chitra     engineer   production           60000                                
saul       engineer   rnd                  60000                                
folki      accountant accounts             70000                                
dheeraj    manager    sales                75000                                
barun      manager    marketing            80000                                
arun       manager    production           90000                                

7 rows selected.

SQL> select f_name, salary from (select f_name, salary from employee2 order by salary desc) where rownum<=5;

F_NAME         SALARY                                                           
---------- ----------                                                           
arun            90000                                                           
barun           80000                                                           
dheeraj         75000                                                           
folki           70000                                                           
chitra          60000                                                           

SQL> select f_name, l_name, dept, salary from (select f_name, l_name, dept, salary from employee2 where job_type = 'manager' order by salary desc) where rownum<=2;

F_NAME     L_NAME     DEPT                SALARY                                
---------- ---------- --------------- ----------                                
arun       khan       production           90000                                
barun      kumar      marketing            80000                                

SQL> spool off;
SQL> spool "C:\Users\KIIT\study materials\2nd year\4th sem\DBMS LAB\txt files\Assignment_07.txt" append;
SQL> spool off;
SQL> hello
SP2-0042: unknown command "hello" - rest of line ignored.
SQL> update employee2 set salary = (select avg(salary) from employee2) where job_type = 'manager';

3 rows updated.

SQL> select f_name, job_type, dept, salary from employee2;

F_NAME     JOB_TYPE   DEPT                SALARY                                
---------- ---------- --------------- ----------                                
arun       manager    production           52500                                
barun      manager    marketing            52500                                
chitra     engineer   production           60000                                
dheeraj    manager    sales                52500                                
emma       engineer   production           55000                                
folki      accountant accounts             70000                                
dheeraj    clerk      accounts             40000                                
saul       engineer   rnd                  60000                                
mou        clerk      sales                30000                                
sunny      salesman   marketing            20000                                
bobby      engineer   rnd                  35000                                
amir       salesman   marketing            15000                                

12 rows selected.

SQL> spool off;
